INFO:root:service started
INFO:werkzeug: * Running on http://127.0.0.1:5000/ (Press CTRL+C to quit)
INFO:root:start page opened
INFO:werkzeug:127.0.0.1 - - [25/Oct/2019 02:14:55] "[37mGET / HTTP/1.1[0m" 200 -
INFO:root:search with params: "text":"северная корея","model":"tf","n_results":"10"
INFO:pymorphy2.opencorpora_dict.wrapper:Loading dictionaries from C:\ProgramData\Anaconda3\lib\site-packages\pymorphy2_dicts\data
INFO:pymorphy2.opencorpora_dict.wrapper:format: 2.4, revision: 393442, updated: 2015-01-17T16:03:56.586168
INFO:werkzeug:127.0.0.1 - - [25/Oct/2019 02:15:16] "[37mGET /?text=%D1%81%D0%B5%D0%B2%D0%B5%D1%80%D0%BD%D0%B0%D1%8F+%D0%BA%D0%BE%D1%80%D0%B5%D1%8F&model=tf&n_results=10 HTTP/1.1[0m" 200 -
INFO:root:service started
INFO:werkzeug: * Running on http://127.0.0.1:5000/ (Press CTRL+C to quit)
INFO:root:search with params: "text":"северная корея","model":"tf","n_results":"10"
INFO:pymorphy2.opencorpora_dict.wrapper:Loading dictionaries from C:\ProgramData\Anaconda3\lib\site-packages\pymorphy2_dicts\data
INFO:pymorphy2.opencorpora_dict.wrapper:format: 2.4, revision: 393442, updated: 2015-01-17T16:03:56.586168
INFO:werkzeug:127.0.0.1 - - [25/Oct/2019 02:17:25] "[37mGET /?text=%D1%81%D0%B5%D0%B2%D0%B5%D1%80%D0%BD%D0%B0%D1%8F+%D0%BA%D0%BE%D1%80%D0%B5%D1%8F&model=tf&n_results=10 HTTP/1.1[0m" 200 -
INFO:root:service started
INFO:werkzeug: * Running on http://127.0.0.1:5000/ (Press CTRL+C to quit)
INFO:root:search with params: "text":"северная корея","model":"tf","n_results":"10"
INFO:pymorphy2.opencorpora_dict.wrapper:Loading dictionaries from C:\ProgramData\Anaconda3\lib\site-packages\pymorphy2_dicts\data
INFO:pymorphy2.opencorpora_dict.wrapper:format: 2.4, revision: 393442, updated: 2015-01-17T16:03:56.586168
INFO:werkzeug:127.0.0.1 - - [25/Oct/2019 02:18:59] "[37mGET /?text=%D1%81%D0%B5%D0%B2%D0%B5%D1%80%D0%BD%D0%B0%D1%8F+%D0%BA%D0%BE%D1%80%D0%B5%D1%8F&model=tf&n_results=10 HTTP/1.1[0m" 200 -
2019-10-25 02:26:03,925 - myApp - INFO - search with params: "text":"северная корея","model":"tf","n_results":"10"
2019-10-25 02:27:59,090 - myApp - INFO - service started
2019-10-25 02:28:10,183 - myApp - INFO - search with params: "text":"северная корея","model":"tf","n_results":""
2019-10-25 02:28:10,184 - myApp - ERROR - invalid literal for int() with base 10: ''
Traceback (most recent call last):
  File "app.py", line 63, in display_index
    results = [(float(i),j) for i,j in zip(*search_with_model(**request.args))]
  File "app.py", line 16, in search_with_model
    n_results = int(n_results)
ValueError: invalid literal for int() with base 10: ''
2019-10-25 02:28:25,521 - myApp - INFO - search with params: "text":"северная корея","model":"tf","n_results":"10"
2019-10-25 02:28:56,696 - myApp - INFO - search with params: "text":"республика корея","model":"bm25","n_results":"10"
2019-10-25 02:29:36,302 - myApp - INFO - search with params: "text":"","model":"tf","n_results":"10"
2019-10-25 02:37:11,336 - myApp - INFO - service started
2019-10-25 02:37:20,300 - myApp - INFO - start page opened
2019-10-25 02:37:28,556 - myApp - INFO - search with params: "text":"пример текста для поиска","model":"ft","n_results":"10"
2019-10-25 02:39:20,885 - myApp - ERROR - Failed to interpret file 'ft_data\\texts.npy' as a pickle
Traceback (most recent call last):
  File "C:\ProgramData\Anaconda3\lib\site-packages\numpy\lib\npyio.py", line 447, in load
    return pickle.load(fid, **pickle_kwargs)
MemoryError

During handling of the above exception, another exception occurred:

Traceback (most recent call last):
  File "app.py", line 67, in display_index
    results = [(float(i),j) for i,j in zip(*search_with_model(**request.args))]
  File "app.py", line 43, in search_with_model
    search_model = W2VSearch(**kwargs)
  File "C:\Users\k1l77\infosearch\infosearch_assignments\final_project\search_models.py", line 181, in __init__
    self.texts = np.load(texts, allow_pickle=True)
  File "C:\ProgramData\Anaconda3\lib\site-packages\numpy\lib\npyio.py", line 450, in load
    "Failed to interpret file %s as a pickle" % repr(file))
OSError: Failed to interpret file 'ft_data\\texts.npy' as a pickle
2019-10-25 03:43:16,863 - myApp - INFO - service started
2019-10-25 03:44:32,135 - myApp - INFO - start page opened
2019-10-25 03:44:38,960 - myApp - INFO - search with params: "text":"пример текста для поиска","model":"tf","n_results":""
2019-10-25 03:44:38,960 - myApp - ERROR - invalid literal for int() with base 10: ''
Traceback (most recent call last):
  File "app.py", line 68, in display_index
    results = [(float(i),j) for i,j in zip(*search_with_model(**request.args))]
  File "app.py", line 19, in search_with_model
    n_results = int(n_results)
ValueError: invalid literal for int() with base 10: ''
2019-10-25 03:44:49,136 - myApp - INFO - search with params: "text":"пример текста для поиска","model":"tf","n_results":"10"
2019-10-25 03:58:58,673 - myApp - INFO - service started
2019-10-25 03:59:35,960 - myApp - INFO - start page opened
2019-10-25 03:59:42,056 - myApp - INFO - search with params: "text":"пример текста для поиска","model":"tf","n_results":"10"
2019-10-25 04:00:18,020 - myApp - INFO - search with params: "text":"пример текста для поиска","model":"ft","n_results":"10"
2019-10-25 04:06:52,266 - myApp - INFO - service started
2019-10-25 04:06:58,185 - myApp - INFO - start page opened
2019-10-25 04:07:03,529 - myApp - INFO - start page opened
2019-10-25 04:07:04,385 - myApp - INFO - start page opened
2019-10-25 04:08:15,383 - myApp - INFO - service started
2019-10-25 04:08:18,067 - myApp - INFO - start page opened
2019-10-25 04:08:21,279 - myApp - INFO - start page opened
2019-10-25 04:08:21,720 - myApp - INFO - start page opened
2019-10-25 04:08:21,972 - myApp - INFO - start page opened
2019-10-25 04:08:22,497 - myApp - INFO - start page opened
2019-10-25 04:08:22,928 - myApp - INFO - start page opened
2019-10-25 04:11:08,849 - myApp - INFO - service started
2019-10-25 04:11:12,483 - myApp - INFO - start page opened
2019-10-25 04:11:55,190 - myApp - INFO - service started
2019-10-25 04:11:57,070 - myApp - INFO - start page opened
2019-10-25 04:12:38,007 - myApp - INFO - service started
2019-10-25 04:12:39,985 - myApp - INFO - start page opened
2019-10-25 04:13:05,317 - myApp - INFO - service started
2019-10-25 04:13:07,205 - myApp - INFO - start page opened
2019-10-25 04:13:19,908 - myApp - INFO - start page opened
2019-10-25 04:13:44,056 - myApp - INFO - service started
2019-10-25 04:13:47,494 - myApp - INFO - start page opened
2019-10-25 04:13:50,828 - myApp - INFO - search with params: "text":"пример текста для поиска","model":"tf","n_results":"10"
2019-10-25 04:14:10,865 - myApp - INFO - request ended with success
2019-10-25 04:14:20,046 - myApp - INFO - search with params: "text":"пример текста для поиска","model":"tf","n_results":"25"
2019-10-25 04:14:30,906 - myApp - INFO - request ended with success
2019-10-25 04:14:44,731 - myApp - INFO - search with params: "text":"пример текста для поиска","model":"bm25","n_results":"25"
2019-10-25 04:15:02,407 - myApp - INFO - request ended with success
2019-10-25 04:15:09,954 - myApp - INFO - search with params: "text":"пример текста для поиска","model":"ft","n_results":"25"
2019-10-25 04:15:44,715 - myApp - INFO - request ended with success
2019-10-25 04:15:57,280 - myApp - INFO - search with params: "text":"пример текста для поиска","model":"elmo","n_results":"25"
2019-10-25 04:16:55,329 - myApp - INFO - request ended with success
2019-10-25 04:17:46,978 - myApp - INFO - search with params: "text":"как найти девушку","model":"tf","n_results":"25"
2019-10-25 04:18:07,523 - myApp - INFO - request ended with success
2019-10-25 04:18:14,980 - myApp - INFO - search with params: "text":"как найти девушку","model":"elmo","n_results":"25"
2019-10-25 04:18:43,521 - myApp - INFO - request ended with success
2019-10-25 04:29:03,368 - myApp - INFO - service started
2019-10-25 04:29:15,349 - myApp - INFO - start page opened
2019-10-25 04:29:23,053 - myApp - INFO - start page opened
2019-10-25 04:29:26,435 - myApp - INFO - search with params: "text":"как найти девушку","model":"elmo","n_results":"25"
2019-10-25 04:29:30,769 - myApp - INFO - start page opened
2019-10-25 04:30:14,380 - myApp - INFO - start page opened
2019-10-25 04:30:17,474 - myApp - INFO - request ended with success
2019-10-25 04:31:19,730 - myApp - INFO - service started
2019-10-25 04:31:24,091 - myApp - INFO - start page opened
2019-10-25 04:31:24,995 - myApp - INFO - start page opened
2019-10-25 04:31:25,267 - myApp - INFO - start page opened
2019-10-25 04:31:25,427 - myApp - INFO - start page opened
2019-10-25 04:31:47,934 - myApp - INFO - service started
2019-10-25 04:31:51,952 - myApp - INFO - service started
2019-10-25 04:31:54,266 - myApp - INFO - start page opened
2019-10-25 04:32:52,678 - myApp - INFO - service started
2019-10-25 04:32:56,534 - myApp - INFO - service started
2019-10-25 04:32:57,249 - myApp - INFO - start page opened
2019-10-25 04:34:16,528 - myApp - INFO - service started
2019-10-25 04:34:20,024 - myApp - INFO - service started
2019-10-25 04:34:20,411 - myApp - INFO - start page opened
2019-10-25 04:34:40,276 - myApp - INFO - search with params: "text":"пример текста для поиска","model":"tf","n_results":"10"
2019-10-25 04:34:59,521 - myApp - INFO - request ended with success
2019-10-25 04:36:23,095 - myApp - INFO - service started
2019-10-25 04:36:24,222 - myApp - INFO - start page opened
2019-10-25 04:36:26,406 - myApp - INFO - start page opened
2019-10-25 04:36:34,969 - myApp - INFO - search with params: "text":"пример текста для поиска","model":"bm25","n_results":"10"
2019-10-25 04:36:55,023 - myApp - INFO - request ended with success
2019-10-25 04:37:27,624 - myApp - INFO - start page opened
2019-10-25 04:39:23,747 - myApp - INFO - service started
2019-10-25 04:39:28,761 - myApp - INFO - start page opened
2019-10-25 04:42:24,979 - myApp - INFO - service started
2019-10-25 04:42:31,946 - myApp - INFO - start page opened
2019-10-25 04:42:41,450 - myApp - INFO - search with params: "text":"пример текста для поиска","model":"bm25","n_results":"10"
2019-10-25 04:42:48,013 - myApp - INFO - request ended with success
2019-10-25 04:45:49,520 - myApp - INFO - service started
2019-10-25 04:45:57,053 - myApp - INFO - start page opened
2019-10-25 04:46:02,344 - myApp - INFO - search with params: "text":"пример текста для поиска","model":"bm25","n_results":"10"
2019-10-25 04:46:10,052 - myApp - INFO - request ended with success
2019-10-25 04:46:17,813 - myApp - INFO - search with params: "text":"пример текста для поиска","model":"elmo","n_results":"10"
2019-10-25 04:47:06,715 - myApp - INFO - request ended with success
2019-10-25 04:47:30,482 - myApp - INFO - search with params: "text":"","model":"elmo","n_results":"10"
2019-10-25 04:47:30,482 - myApp - ERROR - Empty search query
Traceback (most recent call last):
  File "app.py", line 80, in display_index
    results = [(float(i),j) for i,j in zip(*search_with_model(**request.args))]
  File "app.py", line 29, in search_with_model
    raise Exception("Empty search query")
Exception: Empty search query
2019-10-25 04:51:06,951 - myApp - INFO - service started
2019-10-25 04:51:16,849 - myApp - INFO - search with params: "text":"РїСЂРёРјРµСЂ С‚РµРєСЃС‚Р° РґР»СЏ РїРѕРёСЃРєР°","model":"tf","n_results":"10"
2019-10-25 04:51:35,072 - myApp - INFO - request ended with success
2019-10-25 04:52:12,422 - myApp - INFO - service started
2019-10-25 04:52:21,765 - myApp - INFO - search with params: "text":"РїСЂРёРјРµСЂ С‚РµРєСЃС‚Р° РґР»СЏ РїРѕРёСЃРєР°","model":"tf","n_results":"10"
2019-10-25 04:52:25,395 - myApp - INFO - request ended with success
2019-10-25 10:40:25,793 - myApp - INFO - service started
2019-10-25 10:40:46,413 - myApp - INFO - start page opened
2019-10-25 10:41:08,467 - myApp - INFO - search with params: "text":"РІ С‡РµРј СЃРјС‹СЃР» Р¶РёР·РЅРё","model":"tf","n_results":"10"
2019-10-25 10:41:35,008 - myApp - INFO - request ended with success
2019-10-25 10:41:58,457 - myApp - INFO - search with params: "text":"РІ С‡РµРј СЃРјС‹СЃР» Р¶РёР·РЅРё","model":"elmo","n_results":"10"
2019-10-25 10:43:23,451 - myApp - INFO - request ended with success
2019-10-25 10:43:57,175 - myApp - INFO - search with params: "text":"РІ С‡РµРј СЃРјС‹СЃР» Р¶РёР·РЅРё","model":"ft","n_results":"10"
2019-10-25 10:45:50,272 - myApp - INFO - request ended with success
2019-10-25 10:47:37,433 - myApp - INFO - search with params: "text":"РІ С‡РµРј СЃРјС‹СЃР» Р¶РёР·РЅРё","model":"bm25","n_results":"10"
2019-10-25 10:48:01,976 - myApp - INFO - search with params: "text":"РІ С‡РµРј СЃРјС‹СЃР» Р¶РёР·РЅРё","model":"bm25","n_results":"10"
2019-10-25 10:48:17,013 - myApp - INFO - request ended with success
2019-10-25 10:48:17,013 - myApp - INFO - request ended with success
